src/components/ui/resizable.tsx(11,51): error TS2339: Property 'PanelGroup' does not exist on type 'typeof import("C:/Users/xvuon/OneDrive/Project/EffectiveCRM/church/node_modules/react-resizable-panels/dist/react-resizable-panels")'.
src/components/ui/resizable.tsx(12,23): error TS2339: Property 'PanelGroup' does not exist on type 'typeof import("C:/Users/xvuon/OneDrive/Project/EffectiveCRM/church/node_modules/react-resizable-panels/dist/react-resizable-panels")'.
src/components/ui/resizable.tsx(27,51): error TS2339: Property 'PanelResizeHandle' does not exist on type 'typeof import("C:/Users/xvuon/OneDrive/Project/EffectiveCRM/church/node_modules/react-resizable-panels/dist/react-resizable-panels")'.
src/components/ui/resizable.tsx(30,23): error TS2339: Property 'PanelResizeHandle' does not exist on type 'typeof import("C:/Users/xvuon/OneDrive/Project/EffectiveCRM/church/node_modules/react-resizable-panels/dist/react-resizable-panels")'.
src/components/ui/resizable.tsx(42,24): error TS2339: Property 'PanelResizeHandle' does not exist on type 'typeof import("C:/Users/xvuon/OneDrive/Project/EffectiveCRM/church/node_modules/react-resizable-panels/dist/react-resizable-panels")'.
src/components/ui/sidebar.tsx(206,15): error TS2353: Object literal may only specify known properties, and '"--sidebar-width"' does not exist in type 'Properties<string | number, string & {}>'.
src/components/ui/sidebar.tsx(399,44): error TS2339: Property 'className' does not exist on type '{}'.
src/components/ui/sidebar.tsx(402,7): error TS2322: Type 'ForwardedRef<unknown>' is not assignable to type 'Ref<HTMLDivElement> | undefined'.
  Type 'RefObject<unknown>' is not assignable to type 'Ref<HTMLDivElement> | undefined'.
    Type 'RefObject<unknown>' is not assignable to type 'RefObject<HTMLDivElement | null>'.
      Type 'unknown' is not assignable to type 'HTMLDivElement | null'.
src/components/ui/slider.tsx(6,36): error TS2339: Property 'className' does not exist on type '{}'.
src/components/ui/slider.tsx(8,5): error TS2322: Type 'ForwardedRef<unknown>' is not assignable to type 'Ref<HTMLSpanElement> | undefined'.
  Type 'RefObject<unknown>' is not assignable to type 'Ref<HTMLSpanElement> | undefined'.
    Type 'RefObject<unknown>' is not assignable to type 'RefObject<HTMLSpanElement | null>'.
      Type 'unknown' is not assignable to type 'HTMLSpanElement | null'.
src/components/ui/sonner.tsx(12,7): error TS2322: Type 'string' is not assignable to type '"light" | "dark" | "system" | undefined'.
src/components/ui/switch.tsx(6,36): error TS2339: Property 'className' does not exist on type '{}'.
src/components/ui/switch.tsx(13,5): error TS2322: Type 'ForwardedRef<unknown>' is not assignable to type 'Ref<HTMLButtonElement> | undefined'.
  Type 'RefObject<unknown>' is not assignable to type 'Ref<HTMLButtonElement> | undefined'.
    Type 'RefObject<unknown>' is not assignable to type 'RefObject<HTMLButtonElement | null>'.
      Type 'unknown' is not assignable to type 'HTMLButtonElement | null'.
src/components/ui/toggle-group.tsx(13,41): error TS2339: Property 'className' does not exist on type '{}'.
src/components/ui/toggle-group.tsx(13,52): error TS2339: Property 'variant' does not exist on type '{}'.
src/components/ui/toggle-group.tsx(13,61): error TS2339: Property 'size' does not exist on type '{}'.
src/components/ui/toggle-group.tsx(13,67): error TS2339: Property 'children' does not exist on type '{}'.
src/components/ui/toggle-group.tsx(15,5): error TS2322: Type 'ForwardedRef<unknown>' is not assignable to type 'Ref<HTMLDivElement> | undefined'.
  Type 'RefObject<unknown>' is not assignable to type 'Ref<HTMLDivElement> | undefined'.
    Type 'RefObject<unknown>' is not assignable to type 'RefObject<HTMLDivElement | null>'.
      Type 'unknown' is not assignable to type 'HTMLDivElement | null'.
src/components/ui/toggle-group.tsx(26,45): error TS2339: Property 'className' does not exist on type '{}'.
src/components/ui/toggle-group.tsx(26,56): error TS2339: Property 'children' does not exist on type '{}'.
src/components/ui/toggle-group.tsx(26,66): error TS2339: Property 'variant' does not exist on type '{}'.
src/components/ui/toggle-group.tsx(26,75): error TS2339: Property 'size' does not exist on type '{}'.
src/components/ui/toggle-group.tsx(31,7): error TS2322: Type 'ForwardedRef<unknown>' is not assignable to type 'Ref<HTMLButtonElement> | undefined'.
  Type 'RefObject<unknown>' is not assignable to type 'Ref<HTMLButtonElement> | undefined'.
    Type 'RefObject<unknown>' is not assignable to type 'RefObject<HTMLButtonElement | null>'.
      Type 'unknown' is not assignable to type 'HTMLButtonElement | null'.
src/components/ui/toggle.tsx(29,36): error TS2339: Property 'className' does not exist on type '{}'.
src/components/ui/toggle.tsx(29,47): error TS2339: Property 'variant' does not exist on type '{}'.
src/components/ui/toggle.tsx(29,56): error TS2339: Property 'size' does not exist on type '{}'.
src/components/ui/toggle.tsx(31,5): error TS2322: Type 'ForwardedRef<unknown>' is not assignable to type 'Ref<HTMLButtonElement> | undefined'.
  Type 'RefObject<unknown>' is not assignable to type 'Ref<HTMLButtonElement> | undefined'.
    Type 'RefObject<unknown>' is not assignable to type 'RefObject<HTMLButtonElement | null>'.
      Type 'unknown' is not assignable to type 'HTMLButtonElement | null'.
